0001	CD00			PIOA  	EQU   	$CD00          	
0002	CD01			PIOB  	EQU   	$CD01          	
0003	CD02			PIOC  	EQU   	$CD02          	
0004	CD03			PIOR  	EQU   	$CD03          	
0005				
0006	0001			KCODE 	EQU   	$0001          	;キースキャン結果
0007	0002			JOYSTK1	EQU   	$0002          	;JOYSTICK1スキャン結果
0008	0003			JOYSTK2	EQU   	$0003          	;JOYSTICK2スキャン結果
0009	0043			EXEPNT	EQU   	$0043          	;BASIC実行中の現在ポインタ
0010	0057			BUFPNT	EQU   	$0057          	;キーバッファ 最終ポインタ
0011	006D			PNT1  	EQU   	$006D          	;PNT2+1
0012	006F			PNT2  	EQU   	$006F          	;BASIC使用最終アドレス(変数領域含む) 変数未使用時はPNT3と同値
0013	0071			PNT3  	EQU   	$0071          	;変数領域先頭アドレス(BASICプログラム最終アドレス+1)
0014	0075			HEXDAT	EQU   	$0075          	;STR2HEX用16進数データ
0015	00A1			STRPNT	EQU   	$00A1          	;STR2HEX用16進文字列ポインタ
0016	00C8			FTYPE 	EQU   	$00C8          	;CMT用ファイルタイプ $00:BASIC $01:マシン語
0017	00C9			SDBLK 	EQU   	$00C9          	;SD用ブロックNo
0018	00CA			SDSRT 	EQU   	$00CA          	;SD用開始アドレス
0019	00CC			SDLNG 	EQU   	$00CC          	;SD用保存バイト数
0020	00CE			SDEXE 	EQU   	$00CE          	;SD用実行アドレス
0021	00D0			SDNPNT	EQU   	$00D0          	
0022	00D2			SDNAME	EQU   	$00D2          	
0023	018E			LBUFF 	EQU   	$018E          	;キーバッファ
0024	E8CB			KSCAN 	EQU   	$E8CB          	;キースキャン $0001:キーデータ(キャラクタコード) $0002:JOYSTICK1 $0003:JOYSTICK2
0025	EAD0			LINPUT	EQU   	$EAD0          	;Xレジスタからのメッセージを表示して1行入力 メッセージの終端は$FF 入力文字列は$018E～(80文字)
0026	EBE7			PRINT 	EQU   	$EBE7          	;Aレジスタのアスキーコードを出力
0027				
0028				
0029	EEE7			HEX2AS	EQU   	$EEE7          	;(X)の16進数をアスキーコードに変換してABレジスタへ A:上位4ビット B:下位4ビット
0030	FB19			STR2HEX	EQU   	$FB19          	;($00A1-$00A2)から始まる16進数文字列を16進数データに変換して($0075-$0076)に格納する
0031				
0032				
0033				
0034				
0035				;MONITER Gコマンドの後ろにファイルネームを指定 $0193(LBUFF+5)から取得
0036				
0037				;ソース内記述汎用ルーチン
0038				;AZLCNV							;大文字変換 Aレジスタのアルファベット小文字を大文字に変換
0039				;STRPRN							;文字列出力 (X)から$00までの文字列を表示
0040				
0041	8000			      	ORG   	$8000          	
0042				
0043				*
0044	8000	7E 8006		LAU   	JMP   	LAUNCH         	
0045	8003	7E 82D5		ULDJ  	JMP   	ULOAD          	;USR関数でLOAD 直後のREM文でファイル名指定
0046				;CMDJ	JMP		CMD
0047				
0048				;---------------- LAUNCHER ---------------------
0049	8006	BD 8391		LAUNCH	JSR   	PIOINI         	;8255初期化
0050	8009	CE 83E9		      	LDX   	#TITLE_MSG     	
0051	800C	BD 83D1		      	JSR   	STRPRN         	
0052	800F	CE 83FE		LAU1  	LDX   	#SDMES         	
0053	8012	BD EAD0		      	JSR   	LINPUT         	
0054	8015	CE 018D		      	LDX   	#LBUFF-1       	
0055	8018	BD 8022		      	JSR   	CMD1           	
0056	801B	81 21		      	CMPA  	#'!'           	
0057	801D	27 02		      	BEQ   	LAU2           	
0058	801F	20 EE		      	BRA   	LAU1           	
0059	8021	39		LAU2  	RTS   			
0060				
0061				;----------------- COMMAND ------------------------
0062				;CMD		LDX		#LBUFF+5-1
0063	8022	08		CMD1  	INX   			
0064	8023	A6 00		      	LDAA  	X              	
0065	8025	BD 83C6		      	JSR   	AZLCNV         	
0066	8028	81 20		      	CMPA  	#' '           	;最初のSPACEは除去
0067	802A	27 F6		      	BEQ   	CMD1           	
0068				
0069	802C	81 4D		      	CMPA  	#'M'           	;MEXEC MSAVE
0070	802E	27 12		      	BEQ   	CMD2           	
0071	8030	81 4C		      	CMPA  	#'L'           	;LOAD
0072	8032	27 1E		      	BEQ   	CMD3           	
0073	8034	81 53		      	CMPA  	#'S'           	;SDDIR SAVE
0074	8036	27 26		      	BEQ   	CMD4           	
0075	8038	81 47		      	CMPA  	#'G'           	;GO
0076	803A	27 4B		      	BEQ   	GCMD2          	
0077	803C	81 21		      	CMPA  	#'!'           	;EXIT LAUNCHER
0078	803E	27 4A		      	BEQ   	EXIT           	
0079	8040	20 2C		      	BRA   	CMDERR         	
0080				
0081	8042	08		CMD2  	INX   			
0082	8043	A6 00		      	LDAA  	X              	
0083	8045	BD 83C6		      	JSR   	AZLCNV         	
0084	8048	81 45		      	CMPA  	#'E'           	;MEXEC
0085	804A	27 2C		      	BEQ   	MEXEC2         	
0086	804C	81 53		      	CMPA  	#'S'           	;MSAVE
0087	804E	27 2B		      	BEQ   	MSAVE2         	
0088	8050	20 1C		      	BRA   	CMDERR         	
0089				
0090	8052	08		CMD3  	INX   			
0091	8053	A6 00		      	LDAA  	X              	
0092	8055	BD 83C6		      	JSR   	AZLCNV         	
0093	8058	81 4F		      	CMPA  	#'O'           	;LOAD
0094	805A	27 19		      	BEQ   	LOAD2          	
0095	805C	20 10		      	BRA   	CMDERR         	
0096				
0097	805E	08		CMD4  	INX   			
0098	805F	A6 00		      	LDAA  	X              	
0099	8061	BD 83C6		      	JSR   	AZLCNV         	
0100	8064	81 44		      	CMPA  	#'D'           	;SDDIR
0101	8066	27 16		      	BEQ   	SDDIR2         	
0102	8068	81 41		      	CMPA  	#'A'           	;SAVE
0103	806A	27 15		      	BEQ   	SAVE2          	
0104	806C	20 00		      	BRA   	CMDERR         	
0105				
0106	806E			CMDERR				
0107	806E	CE 84AC		      	LDX   	#MSG_CMD       	
0108	8071	BD 83D1		      	JSR   	STRPRN         	
0109	8074	39		      	RTS   			
0110				
0111	8075	7E 808E		LOAD2 	JMP   	LOAD           	
0112	8078	7E 8229		MEXEC2	JMP   	MEXEC          	
0113	807B	7E 81D5		MSAVE2	JMP   	MSAVE          	
0114	807E	7E 8246		SDDIR2	JMP   	SDDIR          	
0115	8081	7E 8179		SAVE2 	JMP   	SAVE           	
0116	8084	7E 82D5		ULOAD2	JMP   	ULOAD          	
0117	8087	7E 822E		GCMD2 	JMP   	GCMD           	
0118	808A	39		EXIT  	RTS   			
0119				
0120				
0121	808B			ERRJ  				
0122	808B	7E 8319		      	JMP   	ERRRTN         	
0123				
0124	808E			LOAD  				
0125	808E	08		      	INX   			;'A'読み飛ばし
0126	808F	08		      	INX   			;'D'読み飛ばし
0127	8090	BD 83BE		      	JSR   	SPDEL          	;最初のSPACEは除去
0128	8093			FN01  				
0129				;		JSR		PIOINI			;8255初期化
0130				
0131	8093	86 83		      	LDAA  	#$83           	;コマンド$83を送信
0132	8095	BD 839E		      	JSR   	CSND           	
0133	8098	4D		      	TSTA  			
0134	8099	26 F0		      	BNE   	ERRJ           	
0135				
0136				;-------------------- CJRヘッダブロック受信 -------------------
0137	809B	BD 835C		      	JSR   	RCVBYTE        	;$02
0138	809E	BD 835C		      	JSR   	RCVBYTE        	;$2A
0139	80A1	BD 835C		      	JSR   	RCVBYTE        	;$00
0140	80A4	BD 835C		      	JSR   	RCVBYTE        	;$1A
0141	80A7	BD 835C		      	JSR   	RCVBYTE        	;$FF
0142	80AA	BD 835C		      	JSR   	RCVBYTE        	;$FF
0143				
0144	80AD	C6 10		      	LDAB  	#$10           	
0145	80AF	CE 018E		      	LDX   	#LBUFF         	;SDから送られてきたファイル名を格納
0146	80B2	BD 835C		LD1   	JSR   	RCVBYTE        	;FNAME
0147	80B5	A7 00		      	STAA  	X              	
0148	80B7	08		      	INX   			
0149	80B8	5A		      	DECB  			
0150	80B9	26 F7		      	BNE   	LD1            	
0151	80BB	4F		      	CLRA  			
0152	80BC	A7 00		      	STAA  	X              	
0153				
0154	80BE	BD 835C		      	JSR   	RCVBYTE        	;ファイルタイプ
0155	80C1	97 C8		      	STAA  	FTYPE          	
0156	80C3	4D		      	TSTA  			
0157	80C4	26 08		      	BNE   	LD11           	
0158	80C6	CE 8403		      	LDX   	#BSMSG         	
0159	80C9	BD 83D1		      	JSR   	STRPRN         	
0160	80CC	20 06		      	BRA   	LD12           	
0161	80CE	CE 840B		LD11  	LDX   	#BNMSG         	
0162	80D1	BD 83D1		      	JSR   	STRPRN         	
0163	80D4	CE 8414		LD12  	LDX   	#LDMSG         	
0164	80D7	BD 83D1		      	JSR   	STRPRN         	
0165	80DA	CE 018E		      	LDX   	#LBUFF         	
0166	80DD	BD 83D1		      	JSR   	STRPRN         	
0167				
0168	80E0	BD 835C		      	JSR   	RCVBYTE        	;ボーレート
0169				
0170	80E3	BD 835C		      	JSR   	RCVBYTE        	;$FF
0171	80E6	BD 835C		      	JSR   	RCVBYTE        	;$FF
0172	80E9	BD 835C		      	JSR   	RCVBYTE        	;$FF
0173	80EC	BD 835C		      	JSR   	RCVBYTE        	;$FF
0174	80EF	BD 835C		      	JSR   	RCVBYTE        	;$FF
0175	80F2	BD 835C		      	JSR   	RCVBYTE        	;$FF
0176	80F5	BD 835C		      	JSR   	RCVBYTE        	;$FF
0177	80F8	BD 835C		      	JSR   	RCVBYTE        	;$FF
0178	80FB	BD 835C		      	JSR   	RCVBYTE        	;チェックサム
0179				
0180				;---------------- CJRデータブロック受信 ------------------------
0181	80FE	BD 835C		LD2   	JSR   	RCVBYTE        	;$02
0182	8101	BD 835C		      	JSR   	RCVBYTE        	;$2A
0183	8104	BD 835C		      	JSR   	RCVBYTE        	;ブロックナンバー
0184	8107	97 C9		      	STAA  	SDBLK          	
0185	8109	81 FF		      	CMPA  	#$FF           	
0186	810B	27 26		      	BEQ   	FOOTER         	
0187	810D	BD 835C		      	JSR   	RCVBYTE        	;データサイズ
0188	8110	16		      	TAB   			
0189	8111	BD 835C		      	JSR   	RCVBYTE        	;ロードアドレス上位
0190	8114	97 CA		      	STAA  	SDSRT          	
0191	8116	BD 835C		      	JSR   	RCVBYTE        	;ロードアドレス下位
0192	8119	97 CB		      	STAA  	SDSRT+1        	
0193	811B	DE CA		      	LDX   	SDSRT          	
0194	811D	96 C9		      	LDAA  	SDBLK          	
0195	811F	81 01		      	CMPA  	#$01           	
0196	8121	26 02		      	BNE   	LD3            	
0197	8123	DF CE		      	STX   	SDEXE          	
0198	8125	BD 835C		LD3   	JSR   	RCVBYTE        	;データ受信
0199	8128	A7 00		      	STAA  	X              	
0200	812A	08		      	INX   			
0201	812B	5A		      	DECB  			
0202	812C	26 F7		      	BNE   	LD3            	
0203	812E	BD 835C		      	JSR   	RCVBYTE        	;チェックサム
0204	8131	20 CB		      	BRA   	LD2            	
0205				
0206				;------------------ CJRフッターブロック受信 -------------------------
0207	8133	BD 835C		FOOTER	JSR   	RCVBYTE        	;$FF
0208	8136	BD 835C		      	JSR   	RCVBYTE        	;ロード終了アドレス+1上位
0209	8139	BD 835C		      	JSR   	RCVBYTE        	;ロード終了アドレス+1下位
0210	813C	09		      	DEX   			
0211	813D	DF CA		      	STX   	SDSRT          	
0212	813F	7D 00C8		      	TST   	FTYPE          	
0213	8142	26 0A		      	BNE   	LD4            	
0214				;----------- BASIC LOAD 後処理 ------------------
0215	8144	DE CA		      	LDX   	SDSRT          	
0216	8146	DF 71		      	STX   	PNT3           	
0217	8148	DF 6F		      	STX   	PNT2           	
0218	814A	08		      	INX   			
0219	814B	DF 6D		      	STX   	PNT1           	
0220	814D	39		      	RTS   			
0221				;----------- マシン語 LOAD 後処理 ------------------
0222	814E	86 28		LD4   	LDAA  	#'('           	
0223	8150	BD EBE7		      	JSR   	PRINT          	
0224	8153	CE 00CE		      	LDX   	#SDEXE         	
0225	8156	BD 83DE		      	JSR   	PRHEX          	;スタートアドレス表示
0226	8159	CE 00CF		      	LDX   	#SDEXE+1       	
0227	815C	BD 83DE		      	JSR   	PRHEX          	
0228	815F	86 2D		      	LDAA  	#'-'           	
0229	8161	BD EBE7		      	JSR   	PRINT          	
0230	8164	CE 00CA		      	LDX   	#SDSRT         	;エンドアドレス表示
0231	8167	BD 83DE		      	JSR   	PRHEX          	
0232	816A	CE 00CB		      	LDX   	#SDSRT+1       	
0233	816D	BD 83DE		      	JSR   	PRHEX          	
0234	8170	86 29		      	LDAA  	#')'           	
0235	8172	BD EBE7		      	JSR   	PRINT          	
0236	8175	39		      	RTS   			
0237				
0238	8176			ERRJ2 				
0239	8176	7E 8319		      	JMP   	ERRRTN         	
0240				
0241				;--------------- BASIC プログラム SAVE ----------------------------
0242	8179			SAVE  				
0243	8179	08		      	INX   			;'V'読み飛ばし
0244	817A	08		      	INX   			;'E'読み飛ばし
0245	817B	BD 83BE		      	JSR   	SPDEL          	;最初のSPACEは除去
0246				;		JSR		PIOINI			;8255初期化
0247				
0248	817E	86 84		      	LDAA  	#$84           	;コマンド$84、ファイルネームを送信
0249	8180	BD 839E		      	JSR   	CSND           	
0250	8183	4D		      	TSTA  			
0251	8184	26 F0		      	BNE   	ERRJ2          	
0252				
0253	8186	4F		      	CLRA  			
0254	8187	BD 8370		      	JSR   	SNDBYTE        	;継続コード送信
0255	818A	96 70		      	LDAA  	PNT2+1         	;BASICプログラム最終アドレス(下位バイト)
0256	818C	80 01		      	SUBA  	#$01           	
0257	818E	97 CD		      	STAA  	SDLNG+1        	
0258	8190	96 6F		      	LDAA  	PNT2           	;BASICプログラム最終アドレス(上位バイト)
0259	8192	82 08		      	SBCA  	#$08           	
0260	8194	97 CC		      	STAA  	SDLNG          	
0261	8196	DE CC		      	LDX   	SDLNG          	
0262	8198	08		      	INX   			
0263	8199	DF CC		      	STX   	SDLNG          	;ファイルサイズ計算(PNT2-$0801+1)
0264	819B	27 34		      	BEQ   	SV99           	;BASICプログラムが無ければ終了
0265	819D	4F		      	CLRA  			;ファイルタイプ(0:BASIC)
0266	819E	BD 8370		      	JSR   	SNDBYTE        	
0267	81A1	CE 0801		      	LDX   	#$0801         	;BASICプログラム先頭アドレス
0268	81A4	DF CA		      	STX   	SDSRT          	
0269				;----------------- SAVEデータ送信 ------------------------
0270	81A6	96 CA		SV1   	LDAA  	SDSRT          	;SAVE開始アドレス送信
0271	81A8	BD 8370		      	JSR   	SNDBYTE        	
0272	81AB	96 CB		      	LDAA  	SDSRT+1        	
0273	81AD	BD 8370		      	JSR   	SNDBYTE        	
0274	81B0	96 CC		      	LDAA  	SDLNG          	;SAVEデータサイズ送信
0275	81B2	BD 8370		      	JSR   	SNDBYTE        	
0276	81B5	96 CD		      	LDAA  	SDLNG+1        	
0277	81B7	BD 8370		      	JSR   	SNDBYTE        	
0278				
0279	81BA	DE CA		SV2   	LDX   	SDSRT          	
0280	81BC	A6 00		      	LDAA  	X              	;SAVEデータ送信
0281	81BE	BD 8370		      	JSR   	SNDBYTE        	
0282	81C1	08		      	INX   			
0283	81C2	DF CA		      	STX   	SDSRT          	
0284	81C4	DE CC		      	LDX   	SDLNG          	;SDLNG-1
0285	81C6	09		      	DEX   			
0286	81C7	DF CC		      	STX   	SDLNG          	;SDLNGが0になるまでループ
0287	81C9	26 EF		      	BNE   	SV2            	
0288	81CB	CE 841D		      	LDX   	#SVMSG         	;SAVE終了MSG
0289	81CE	BD 83D1		      	JSR   	STRPRN         	
0290				
0291	81D1	39		SV99  	RTS   			
0292				
0293	81D2			ERRJ3 				
0294	81D2	7E 8319		      	JMP   	ERRRTN         	
0295				
0296				;---------------- 機械語プログラム SAVE -------------------------------
0297	81D5			MSAVE 				
0298	81D5	08		      	INX   			;'A'読み飛ばし
0299	81D6	08		      	INX   			;'V'読み飛ばし
0300	81D7	08		      	INX   			;'E'読み飛ばし
0301	81D8	BD 83BE		      	JSR   	SPDEL          	;最初のSPACEは除去
0302				
0303	81DB	DF A1		      	STX   	STRPNT         	
0304	81DD	BD FB19		      	JSR   	STR2HEX        	;文字列からSAVE開始アドレスを取得
0305	81E0	5D		      	TSTB  			
0306	81E1	26 3F		      	BNE   	ADDERR         	
0307	81E3	96 75		      	LDAA  	HEXDAT         	
0308	81E5	97 CA		      	STAA  	SDSRT          	
0309	81E7	96 76		      	LDAA  	HEXDAT+1       	
0310	81E9	97 CB		      	STAA  	SDSRT+1        	
0311	81EB	08		      	INX   			
0312	81EC	DF A1		      	STX   	STRPNT         	
0313	81EE	BD FB19		      	JSR   	STR2HEX        	;文字列からSAVE終了アドレスを取得
0314	81F1	5D		      	TSTB  			
0315	81F2	26 2E		      	BNE   	ADDERR         	
0316				
0317	81F4	08		      	INX   			
0318				;		JSR		PIOINI			;8255初期化
0319	81F5	86 84		      	LDAA  	#$84           	
0320	81F7	BD 839E		      	JSR   	CSND           	;コマンド$84、ファイルネームを送信
0321	81FA	4D		      	TSTA  			
0322	81FB	26 D5		      	BNE   	ERRJ3          	
0323				
0324	81FD	96 76		      	LDAA  	HEXDAT+1       	;SAVE最終アドレス(下位バイト)
0325	81FF	90 CB		      	SUBA  	SDSRT+1        	
0326	8201	97 CD		      	STAA  	SDLNG+1        	
0327	8203	96 75		      	LDAA  	HEXDAT         	;SAVE最終アドレス(上位バイト)
0328	8205	92 CA		      	SBCA  	SDSRT          	
0329	8207	25 14		      	BCS   	ADDERR2        	
0330	8209	97 CC		      	STAA  	SDLNG          	
0331	820B	DE CC		      	LDX   	SDLNG          	
0332	820D	08		      	INX   			
0333	820E	DF CC		      	STX   	SDLNG          	;ファイルサイズ計算(HEXDAT-SDSRT+1)
0334	8210	DE CA		      	LDX   	SDSRT          	
0335				
0336	8212	4F		      	CLRA  			
0337	8213	BD 8370		      	JSR   	SNDBYTE        	;継続コード送信
0338				
0339	8216	86 01		      	LDAA  	#$01           	;ファイルタイプ(1:機械語)
0340	8218	BD 8370		      	JSR   	SNDBYTE        	
0341	821B	20 89		      	BRA   	SV1            	
0342				
0343	821D			ADDERR2				
0344	821D	86 FF		      	LDAA  	#$FF           	
0345	821F	BD 8370		      	JSR   	SNDBYTE        	;打ち切りコード送信
0346	8222	CE 849D		ADDERR	LDX   	#MSG_AD        	
0347	8225	BD 83D1		      	JSR   	STRPRN         	
0348	8228	39		      	RTS   			
0349				
0350				;--------------- MEXECUTE 機械語読み込みアドレスを実行アドレスとしてジャンプ -------
0351	8229	DE CE		MEXEC 	LDX   	SDEXE          	
0352	822B	AD 00		      	JSR   	X              	
0353	822D	39		      	RTS   			
0354				
0355				;--------------- GO COMMAND -------------------------
0356	822E			GCMD  				
0357	822E	BD 83BE		      	JSR   	SPDEL          	;最初のSPACEは除去
0358	8231	DF A1		      	STX   	STRPNT         	
0359	8233	BD FB19		      	JSR   	STR2HEX        	;文字列から実行開始アドレスを取得
0360	8236	5D		      	TSTB  			
0361	8237	26 E9		      	BNE   	ADDERR         	
0362	8239	96 75		      	LDAA  	HEXDAT         	
0363	823B	97 CE		      	STAA  	SDEXE          	
0364	823D	96 76		      	LDAA  	HEXDAT+1       	
0365	823F	97 CF		      	STAA  	SDEXE+1        	
0366	8241	20 E6		      	BRA   	MEXEC          	
0367				
0368				;------------------ SDファイル一覧表示 ---------------------------
0369	8243			ERRJ5 				
0370	8243	7E 8319		      	JMP   	ERRRTN         	
0371	8246			SDDIR 				
0372	8246	08		      	INX   			;'D'読み飛ばし
0373	8247	08		      	INX   			;'I'読み飛ばし
0374	8248	08		      	INX   			;'R'読み飛ばし
0375	8249	BD 83BE		      	JSR   	SPDEL          	;最初のSPACEは除去
0376				;		JSR		PIOINI			;8255初期化
0377				
0378	824C	86 82		      	LDAA  	#$82           	;コマンド$82を送信
0379				
0380	824E	BD 839E		      	JSR   	CSND           	
0381	8251	4D		      	TSTA  			
0382	8252	26 EF		      	BNE   	ERRJ5          	
0383				
0384	8254	CE 018E		DL1   	LDX   	#LBUFF         	;Arduinoから送られてくる文字列を#KBUFへ格納
0385	8257	BD 835C		DL2   	JSR   	RCVBYTE        	
0386	825A	BD 83C6		      	JSR   	AZLCNV         	;大文字に変換
0387	825D	4D		      	TSTA  			
0388	825E	27 11		      	BEQ   	DL3            	;$00を受信するまでを一行とする
0389	8260	81 FF		      	CMPA  	#$FF           	
0390	8262	27 1E		      	BEQ   	DL4            	;$FFを受信したら終了
0391	8264	81 FD		      	CMPA  	#$FD           	
0392	8266	27 1E		      	BEQ   	DL9            	;$FD受信で文字列を取得してSETLしたことを表示
0393	8268	81 FE		      	CMPA  	#$FE           	
0394	826A	27 35		      	BEQ   	DL5            	;$FEを受信したら一時停止して一文字入力待ち
0395	826C	A7 00		      	STAA  	X              	
0396	826E	08		      	INX   			
0397	826F	20 E6		      	BRA   	DL2            	
0398				
0399	8271			DL3   				
0400	8271	86 0D		      	LDAA  	#$0D           	;$00を受信したら一行分を表示して改行
0401	8273	A7 00		      	STAA  	X              	
0402	8275	08		      	INX   			
0403				
0404	8276	4F		      	CLRA  			
0405	8277	A7 00		      	STAA  	X              	
0406	8279	08		      	INX   			
0407	827A	CE 018E		      	LDX   	#LBUFF         	
0408	827D	BD 83D1		      	JSR   	STRPRN         	;1行表示
0409	8280	20 D2		DL33  	BRA   	DL1            	
0410				
0411	8282	BD 835C		DL4   	JSR   	RCVBYTE        	;状態取得(00H=OK)して終了
0412	8285	39		      	RTS   			
0413				
0414	8286	CE 018E		DL9   	LDX   	#LBUFF         	;文字列を取得
0415	8289	BD 835C		DL91  	JSR   	RCVBYTE        	;#KBUFへ文字列格納
0416	828C	BD 83C6		      	JSR   	AZLCNV         	;大文字に変換
0417	828F	A7 00		      	STAA  	X              	
0418	8291	08		      	INX   			
0419	8292	4D		      	TSTA  			;$00を受信するまで受信処理
0420	8293	26 F4		      	BNE   	DL91           	
0421	8295	BD 835C		      	JSR   	RCVBYTE        	;$FF終了コード読み飛ばし
0422	8298	BD 835C		      	JSR   	RCVBYTE        	;状態取得読み飛ばし
0423	829B	CE 018E		      	LDX   	#LBUFF         	
0424	829E	7E 8093		      	JMP   	FN01           	
0425				
0426	82A1	CE 8426		DL5   	LDX   	#MSGKEY        	;SEL:0-9 NXT:ANY BCK:B BRK:RET
0427	82A4	BD 83D1		      	JSR   	STRPRN         	;文字列表示
0428	82A7	BD E8CB		DL6   	JSR   	KSCAN          	;キーボートスキャン
0429	82AA	96 01		      	LDAA  	KCODE          	
0430	82AC	4D		      	TSTA  			
0431	82AD	27 F8		      	BEQ   	DL6            	;何か入力されるまでループ
0432	82AF	BD 83C6		      	JSR   	AZLCNV         	
0433	82B2	81 0D		      	CMPA  	#$0D           	
0434	82B4	27 0F		      	BEQ   	DL7            	;RETURNで打ち切り
0435	82B6	81 30		      	CMPA  	#$30           	;数字0～9ならそのままArduinoへ送信してSETL処理へ
0436	82B8	25 04		      	BCS   	DL61           	
0437	82BA	81 3A		      	CMPA  	#$3A           	
0438	82BC	25 09		      	BCS   	DL8            	
0439	82BE	81 42		DL61  	CMPA  	#$42           	
0440	82C0	27 05		      	BEQ   	DL8            	;「B」で前ページ
0441	82C2	4F		      	CLRA  			
0442	82C3	20 02		      	BRA   	DL8            	;それ以外で継続
0443	82C5	86 FF		DL7   	LDAA  	#$FF           	
0444	82C7	BD 8370		DL8   	JSR   	SNDBYTE        	
0445	82CA	7E 8254		      	JMP   	DL1            	
0446				
0447	82CD	39		SDIR99	RTS   			
0448				
0449	82CE			CMDERR2				
0450	82CE	CE 856B		      	LDX   	#MSG2_CMD      	
0451	82D1	BD 83D1		      	JSR   	STRPRN         	
0452	82D4	39		      	RTS   			
0453				
0454				;---------------------- BASICプログラム中からLOAD -----------------
0455				; A=USR($8003):REM xxxxxのように直後のREMの文字列をファイル名として解釈する。
0456				; 指定は機械語プログラムのみ可。BASICプログラムを指定するとLOADした後暴走する。
0457	82D5			ULOAD 				
0458	82D5	DE 43		      	LDX   	EXEPNT         	;A <- (BASIC実行中の現在ポインタ)
0459	82D7	A6 00		      	LDAA  	X              	
0460	82D9	4D		      	TSTA  			;$00ならUSR文の後ろに記述無し
0461	82DA	27 F2		      	BEQ   	CMDERR2        	
0462	82DC	81 3A		      	CMPA  	#':'           	;USR文の後ろに文があるか
0463	82DE	26 EE		      	BNE   	CMDERR2        	
0464	82E0	08		      	INX   			
0465	82E1	DF 43		      	STX   	EXEPNT         	;BASIC実行中の現在ポインタ更新
0466	82E3	A6 00		      	LDAA  	X              	
0467	82E5	81 AD		      	CMPA  	#$AD           	;後ろの文はREM文か
0468	82E7	26 E5		      	BNE   	CMDERR2        	
0469	82E9	08		ULD1  	INX   			
0470	82EA	DF 43		      	STX   	EXEPNT         	;BASIC実行中の現在ポインタ更新
0471	82EC	A6 00		      	LDAA  	X              	
0472	82EE	BD 83C6		      	JSR   	AZLCNV         	
0473	82F1	81 20		      	CMPA  	#' '           	;SPACEは除去
0474	82F3	27 F4		      	BEQ   	ULD1           	
0475				
0476	82F5	CE 00D2		      	LDX   	#SDNAME        	
0477	82F8	DF D0		      	STX   	SDNPNT         	
0478	82FA	4D		ULD2  	TSTA  			;行が終わるまでをファイル名として取得
0479	82FB	27 13		      	BEQ   	ULD9           	
0480	82FD	BD 83C6		      	JSR   	AZLCNV         	;大文字変換
0481	8300	A7 00		      	STAA  	X              	;ファイル名保存
0482	8302	08		      	INX   			
0483	8303	DF D0		      	STX   	SDNPNT         	;ファイル名保存ポインタ更新
0484	8305	DE 43		      	LDX   	EXEPNT         	;BASIC実行中の現在ポインタ更新
0485	8307	08		      	INX   			
0486	8308	DF 43		      	STX   	EXEPNT         	
0487	830A	A6 00		      	LDAA  	X              	
0488	830C	DE D0		      	LDX   	SDNPNT         	
0489	830E	20 EA		      	BRA   	ULD2           	
0490				
0491	8310			ULD9  				
0492	8310	CE 00D2		      	LDX   	#SDNAME        	;ファイル名のアドレスをXレジスタにセットしてLOAD処理
0493	8313	BD 8391		      	JSR   	PIOINI         	;8255初期化
0494	8316	7E 8093		      	JMP   	FN01           	
0495				
0496				
0497	8319			ERRRTN				
0498	8319	81 F0		      	CMPA  	#$F0           	
0499	831B	26 05		      	BNE   	ERR1           	
0500	831D	CE 8445		      	LDX   	#MSG_F0        	
0501	8320	20 26		      	BRA   	ERRR           	
0502	8322	81 F1		ERR1  	CMPA  	#$F1           	
0503	8324	26 05		      	BNE   	ERR3           	
0504	8326	CE 845F		      	LDX   	#MSG_F1        	
0505	8329	20 1D		      	BRA   	ERRR           	
0506	832B	81 F3		ERR3  	CMPA  	#$F3           	
0507	832D	26 05		      	BNE   	ERR4           	
0508	832F	CE 846E		      	LDX   	#MSG_F3        	
0509	8332	20 14		      	BRA   	ERRR           	
0510	8334	81 F4		ERR4  	CMPA  	#$F4           	
0511	8336	26 05		      	BNE   	ERR99          	
0512	8338	CE 847A		      	LDX   	#MSG_F4        	
0513	833B	20 0B		      	BRA   	ERRR           	
0514	833D			ERR99 				
0515	833D	97 CA		      	STAA  	SDSRT          	
0516	833F	CE 00CA		      	LDX   	#SDSRT         	
0517	8342	BD 83DE		      	JSR   	PRHEX          	
0518	8345	CE 8495		      	LDX   	#MSG99         	
0519				
0520	8348	BD 83D1		ERRR  	JSR   	STRPRN         	
0521	834B	39		      	RTS   			
0522				
0523				
0524				**** BUSYをCHECK(1) ****
0525				;PORTC BIT7が1になるまでLOOP
0526	834C	B6 CD02		F1CHK 	LDAA  	PIOC           	
0527	834F	84 80		      	ANDA  	#$80           	;PORTC BIT7 = 1?
0528	8351	27 F9		      	BEQ   	F1CHK          	
0529	8353	39		      	RTS   			
0530				
0531				**** BUSYをCHECK(0) ****
0532				;PORTC BIT7が0になるまでLOOP
0533	8354	B6 CD02		F2CHK 	LDAA  	PIOC           	
0534	8357	84 80		      	ANDA  	#$80           	;PORTC BIT7 = 0?
0535	8359	26 F9		      	BNE   	F2CHK          	
0536	835B	39		      	RTS   			
0537				
0538				**** 1BYTE受信****
0539				*受信データをアキュムレータAにセットしてリターン
0540	835C	8D EE		RCVBYTE	BSR   	F1CHK          	;PORTC BIT7が1になるまでLOOP
0541	835E	B6 CD01		      	LDAA  	PIOB           	;PORTB -> A
0542	8361	36		      	PSHA  			
0543	8362	86 05		      	LDAA  	#$05           	
0544	8364	B7 CD03		      	STAA  	PIOR           	;PORTC BIT2 <- 1
0545	8367	8D EB		      	BSR   	F2CHK          	;PORTC BIT7が0になるまでLOOP
0546	8369	86 04		      	LDAA  	#$04           	
0547	836B	B7 CD03		      	STAA  	PIOR           	;PORTC BIT2 <- 0
0548	836E	32		      	PULA  			
0549	836F	39		      	RTS   			
0550				
0551				**** 1BYTE送信 ****
0552				*アキュムレータAの内容をPORTA下位4BITに4BITずつ送信
0553	8370			SNDBYTE				
0554	8370	36		      	PSHA  			
0555	8371	44		      	LSRA  			
0556	8372	44		      	LSRA  			
0557	8373	44		      	LSRA  			
0558	8374	44		      	LSRA  			
0559	8375	84 0F		      	ANDA  	#$0F           	
0560	8377	8D 06		      	BSR   	SND4BIT        	
0561	8379	32		      	PULA  			
0562	837A	84 0F		      	ANDA  	#$0F           	
0563	837C	8D 01		      	BSR   	SND4BIT        	
0564	837E	39		      	RTS   			
0565				
0566				**** 4BIT送信 ****
0567				*アキュムレータA下位4ビットを送信する
0568	837F			SND4BIT				
0569	837F	B7 CD00		      	STAA  	PIOA           	
0570	8382	86 05		      	LDAA  	#$05           	
0571	8384	B7 CD03		      	STAA  	PIOR           	;PORTC BIT2 <- 1
0572	8387	8D C3		      	BSR   	F1CHK          	;PORTC BIT7が1になるまでLOOP
0573	8389	86 04		      	LDAA  	#$04           	
0574	838B	B7 CD03		      	STAA  	PIOR           	;PORTC BIT2 <- 0
0575	838E	8D C4		      	BSR   	F2CHK          	
0576	8390	39		      	RTS   			
0577				
0578				
0579				;**** 8255初期化 ****
0580				;*PORTC下位BITをOUTPUT、上位BITをINPUT、PORTBをINPUT、PORTAをOUTPUT
0581	8391	86 8A		PIOINI	LDAA  	#$8A           	
0582	8393	B7 CD03		      	STAA  	PIOR           	;PIOR <- $8A
0583	8396	4F		      	CLRA  			
0584	8397	B7 CD00		      	STAA  	PIOA           	;PIOA <- $00
0585	839A	B7 CD02		      	STAA  	PIOC           	;PIOC <- $00
0586	839D	39		      	RTS   			
0587				
0588				
0589				;------------------ コマンド送信、ファイルネーム送信 -----------------------
0590	839E	BD 8370		CSND  	JSR   	SNDBYTE        	;Aレジスタのコマンドコードを送信
0591	83A1	BD 835C		      	JSR   	RCVBYTE        	;状態取得($00=OK)
0592	83A4	4D		      	TSTA  			
0593	83A5	26 16		      	BNE   	CSND2          	
0594				
0595	83A7	C6 20		      	LDAB  	#$20           	;(X)からのファイル名32Byteを送信
0596	83A9	A6 00		CSND1 	LDAA  	X              	
0597	83AB	08		      	INX   			
0598	83AC	81 22		      	CMPA  	#'"'           	
0599	83AE	27 F9		      	BEQ   	CSND1          	
0600	83B0	BD 8370		      	JSR   	SNDBYTE        	
0601	83B3	5A		      	DECB  			
0602	83B4	26 F3		      	BNE   	CSND1          	
0603	83B6	4F		      	CLRA  			
0604	83B7	BD 8370		      	JSR   	SNDBYTE        	;$00を送信
0605	83BA	BD 835C		      	JSR   	RCVBYTE        	;状態取得($00=OK)
0606	83BD	39		CSND2 	RTS   			
0607				
0608				
0609				;------------------- 空白除去 ------------------------
0610	83BE	08		SPDEL 	INX   			
0611	83BF	A6 00		      	LDAA  	X              	
0612	83C1	81 20		      	CMPA  	#' '           	;最初のSPACEは除去
0613	83C3	27 F9		      	BEQ   	SPDEL          	
0614	83C5	39		      	RTS   			
0615				
0616				;--------------- Aレジスタのアルファベット小文字を大文字に変換 ----------------
0617	83C6	81 61		AZLCNV	CMPA  	#$61           	;a～zなら$20を引いてA～Zに変換
0618	83C8	25 06		      	BCS   	AZ1            	
0619	83CA	81 7B		      	CMPA  	#$7B           	
0620	83CC	24 02		      	BCC   	AZ1            	
0621	83CE	80 20		      	SUBA  	#$20           	
0622	83D0	39		AZ1   	RTS   			
0623				
0624				;--------------- 文字列出力 ----------------------
0625				;(X)から$00までの文字列を表示
0626	83D1			STRPRN				
0627	83D1	A6 00		      	LDAA  	X              	;A <- (X)
0628	83D3	81 00		      	CMPA  	#$00           	;$00なら終了
0629	83D5	27 06		      	BEQ   	SP1            	
0630	83D7	BD EBE7		      	JSR   	PRINT          	;1文字出力
0631	83DA	08		      	INX   			
0632	83DB	20 F4		      	BRA   	STRPRN         	
0633	83DD	39		SP1   	RTS   			
0634				
0635				;-------------- (X)の16進数を文字列2桁で表示 ----------
0636	83DE	BD EEE7		PRHEX 	JSR   	HEX2AS         	
0637	83E1	BD EBE7		      	JSR   	PRINT          	
0638	83E4	17		      	TBA   			
0639	83E5	BD EBE7		      	JSR   	PRINT          	
0640	83E8	39		      	RTS   			
0641				
0642				
0643	83E9			TITLE_MSG				
0644	83E9	0C 		      	FCB   	$0C            	
0645	83EA	20 20 2A 2A 	      	FCC     	/  ** JR-200_SD **/	
    	    	20 4A 52 2D 
    	    	32 30 30 5F 
    	    	53 44 20 2A 
    	    	2A 
0646	83FB	0D 0D 00 		      	FCB   	$0D,$0D,$00    	
0647				
0648	83FE	0D 		SDMES 	FCB   	$0D            	
0649	83FF	53 44 3E 		      	FCC     	/SD>/   	
0650	8402	FF 		      	FCB   	$FF            	
0651				
0652	8403	0D 		BSMSG 	FCB   	$0D            	
0653	8404	42 41 53 49 	      	FCC     	/BASIC /	
    	    	43 20 
0654	840A	00 		      	FCB   	$00            	
0655				
0656	840B	0D 		BNMSG 	FCB   	$0D            	
0657	840C	42 49 4E 41 	      	FCC     	/BINARY /	
    	    	52 59 20 
0658	8413	00 		      	FCB   	$00            	
0659				
0660	8414	4C 4F 41 44 	LDMSG 	FCC     	/LOADING /	
    	    	49 4E 47 20 
0661	841C	00 		      	FCB   	$00            	
0662				
0663	841D	53 41 56 45 	SVMSG 	FCC     	/SAVE OK!/	
    	    	20 4F 4B 21 
0664	8425	00 		      	FCB   	$00            	
0665				
0666	8426	53 45 4C 3A 	MSGKEY	FCC     	/SEL:0-9 NXT:ANY BCK:B BRK:RET/	
    	    	30 2D 39 20 
    	    	4E 58 54 3A 
    	    	41 4E 59 20 
    	    	42 43 4B 3A 
    	    	42 20 42 52 
    	    	4B 3A 52 45 
    	    	54 
0667	8443	0D 00 		      	FCB   	$0D,$00        	
0668				
0669	8445			MSG_F0				
0670	8445	53 44 2D 43 	      	FCC     	/SD-CARD INITIALIZE ERROR/	
    	    	41 52 44 20 
    	    	49 4E 49 54 
    	    	49 41 4C 49 
    	    	5A 45 20 45 
    	    	52 52 4F 52 
0671	845D	0D 00 		      	FCB   	$0D,$00        	
0672				
0673	845F			MSG_F1				
0674	845F	4E 4F 54 20 	      	FCC     	/NOT FIND FILE/	
    	    	46 49 4E 44 
    	    	20 46 49 4C 
    	    	45 
0675	846C	0D 00 		      	FCB   	$0D,$00        	
0676				
0677	846E			MSG_F3				
0678	846E	46 49 4C 45 	      	FCC     	/FILE EXIST/	
    	    	20 45 58 49 
    	    	53 54 
0679	8478	0D 00 		      	FCB   	$0D,$00        	
0680				
0681	847A			MSG_F4				
0682	847A	50 52 4F 47 	      	FCC     	/PROG FORMAT VERSION ERROR/	
    	    	20 46 4F 52 
    	    	4D 41 54 20 
    	    	56 45 52 53 
    	    	49 4F 4E 20 
    	    	45 52 52 4F 
    	    	52 
0683	8493	0D 00 		      	FCB   	$0D,$00        	
0684				
0685	8495			MSG99 				
0686	8495	20 45 52 52 	      	FCC     	/ ERROR/	
    	    	4F 52 
0687	849B	0D 00 		      	FCB   	$0D,$00        	
0688				
0689	849D			MSG_AD				
0690	849D	41 44 44 52 	      	FCC     	/ADDRESS ERROR/	
    	    	45 53 53 20 
    	    	45 52 52 4F 
    	    	52 
0691	84AA	0D 00 		      	FCB   	$0D,$00        	
0692				
0693	84AC			MSG_CMD				
0694	84AC	43 4F 4D 4D 	      	FCC     	/COMMAND FAILED!/	
    	    	41 4E 44 20 
    	    	46 41 49 4C 
    	    	45 44 21 
0695	84BB	0D 		      	FCB   	$0D            	
0696	84BC	20 21 20 20 	      	FCC     	/ !     : Return To Monitor/	
    	    	20 20 20 3A 
    	    	20 52 65 74 
    	    	75 72 6E 20 
    	    	54 6F 20 4D 
    	    	6F 6E 69 74 
    	    	6F 72 
0697	84D6	0D 		      	FCB   	$0D            	
0698	84D7	20 4C 4F 41 	      	FCC     	/ LOAD  : Load From SD/	
    	    	44 20 20 3A 
    	    	20 4C 6F 61 
    	    	64 20 46 72 
    	    	6F 6D 20 53 
    	    	44 
0699	84EC	0D 		      	FCB   	$0D            	
0700	84ED	20 4D 45 58 	      	FCC     	/ MEXEC : Binary Execute/	
    	    	45 43 20 3A 
    	    	20 42 69 6E 
    	    	61 72 79 20 
    	    	45 78 65 63 
    	    	75 74 65 
0701	8504	0D 		      	FCB   	$0D            	
0702	8505	20 47 20 20 	      	FCC     	/ G     : Binary Execute/	
    	    	20 20 20 3A 
    	    	20 42 69 6E 
    	    	61 72 79 20 
    	    	45 78 65 63 
    	    	75 74 65 
0703	851C	0D 		      	FCB   	$0D            	
0704	851D	20 53 41 56 	      	FCC     	/ SAVE  : Save To SD(BASIC)/	
    	    	45 20 20 3A 
    	    	20 53 61 76 
    	    	65 20 54 6F 
    	    	20 53 44 28 
    	    	42 41 53 49 
    	    	43 29 
0705	8537	0D 		      	FCB   	$0D            	
0706	8538	20 4D 53 41 	      	FCC     	/ MSAVE : Save To SD(Binary)/	
    	    	56 45 20 3A 
    	    	20 53 61 76 
    	    	65 20 54 6F 
    	    	20 53 44 28 
    	    	42 69 6E 61 
    	    	72 79 29 
0707	8553	0D 		      	FCB   	$0D            	
0708	8554	20 53 44 44 	      	FCC     	/ SDDIR : Find SD File/	
    	    	49 52 20 3A 
    	    	20 46 69 6E 
    	    	64 20 53 44 
    	    	20 46 69 6C 
    	    	65 
0709	8569	0D 00 		      	FCB   	$0D,$00        	
0710				
0711	856B			MSG2_CMD				
0712	856B	53 79 6E 74 	      	FCC     	/Syntax ERROR/	
    	    	61 78 20 45 
    	    	52 52 4F 52 
0713	8577	0D 00 		      	FCB   	$0D,$00        	
0714				
0715					END   	               	

0 error(s),  0 warning(s) is detected.

Label	address
ADDERR	8222	ADDERR2	821D	AZ1   	83D0	AZLCNV	83C6	BNMSG 	840B
BSMSG 	8403	BUFPNT	0057	CMD1  	8022	CMD2  	8042	CMD3  	8052
CMD4  	805E	CMDERR	806E	CMDERR2	82CE	CSND  	839E	CSND1 	83A9
CSND2 	83BD	DL1   	8254	DL2   	8257	DL3   	8271	DL33  	8280
DL4   	8282	DL5   	82A1	DL6   	82A7	DL61  	82BE	DL7   	82C5
DL8   	82C7	DL9   	8286	DL91  	8289	ERR1  	8322	ERR3  	832B
ERR4  	8334	ERR99 	833D	ERRJ  	808B	ERRJ2 	8176	ERRJ3 	81D2
ERRJ5 	8243	ERRR  	8348	ERRRTN	8319	EXEPNT	0043	EXIT  	808A
F1CHK 	834C	F2CHK 	8354	FN01  	8093	FOOTER	8133	FTYPE 	00C8
GCMD  	822E	GCMD2 	8087	HEX2AS	EEE7	HEXDAT	0075	JOYSTK1	0002
JOYSTK2	0003	KCODE 	0001	KSCAN 	E8CB	LAU   	8000	LAU1  	800F
LAU2  	8021	LAUNCH	8006	LBUFF 	018E	LD1   	80B2	LD11  	80CE
LD12  	80D4	LD2   	80FE	LD3   	8125	LD4   	814E	LDMSG 	8414
LINPUT	EAD0	LOAD  	808E	LOAD2 	8075	MEXEC 	8229	MEXEC2	8078
MSAVE 	81D5	MSAVE2	807B	MSG2_CMD	856B	MSG99 	8495	MSG_AD	849D
MSG_CMD	84AC	MSG_F0	8445	MSG_F1	845F	MSG_F3	846E	MSG_F4	847A
MSGKEY	8426	PIOA  	CD00	PIOB  	CD01	PIOC  	CD02	PIOINI	8391
PIOR  	CD03	PNT1  	006D	PNT2  	006F	PNT3  	0071	PRHEX 	83DE
PRINT 	EBE7	RCVBYTE	835C	SAVE  	8179	SAVE2 	8081	SDBLK 	00C9
SDDIR 	8246	SDDIR2	807E	SDEXE 	00CE	SDIR99	82CD	SDLNG 	00CC
SDMES 	83FE	SDNAME	00D2	SDNPNT	00D0	SDSRT 	00CA	SND4BIT	837F
SNDBYTE	8370	SP1   	83DD	SPDEL 	83BE	STR2HEX	FB19	STRPNT	00A1
STRPRN	83D1	SV1   	81A6	SV2   	81BA	SV99  	81D1	SVMSG 	841D
TITLE_MSG	83E9	ULD1  	82E9	ULD2  	82FA	ULD9  	8310	ULDJ  	8003
ULOAD 	82D5	ULOAD2	8084	
